<?xml version="1.0" encoding="UTF-8"?>
<testsuites name="Mocha Tests" time="0.0010" tests="5" failures="5">
  <testsuite name="Root Suite" timestamp="2023-06-13T20:43:59" tests="0" time="0.0000" failures="0">
  </testsuite>
  <testsuite name="createNumberGenerator" timestamp="2023-06-13T20:43:59" tests="2" file="C:\Users\liziko\Desktop\scope\8.1.scope\test\index.js" time="0.0010" failures="2">
    <testcase name="createNumberGenerator should create generator with start value 10" time="0.0010" classname="should create generator with start value 10">
      <failure message="createCounter is not a function" type="TypeError"><![CDATA[TypeError: createCounter is not a function
    at Context.<anonymous> (test\index.js:6:25)
    at process.processImmediate (node:internal/timers:476:21)]]></failure>
    </testcase>
    <testcase name="createNumberGenerator should create generator with default start value" time="0.0000" classname="should create generator with default start value">
      <failure message="createCounter is not a function" type="TypeError"><![CDATA[TypeError: createCounter is not a function
    at Context.<anonymous> (test\index.js:13:25)
    at process.processImmediate (node:internal/timers:476:21)]]></failure>
    </testcase>
  </testsuite>
  <testsuite name="multiply" timestamp="2023-06-13T20:43:59" tests="3" file="C:\Users\liziko\Desktop\scope\8.1.scope\test\index.js" time="0.0000" failures="3">
    <testcase name="multiply should return 48 for given input 2,4,6" time="0.0000" classname="should return 48 for given input 2,4,6">
      <failure message="Task not implemented" type="Error"><![CDATA[Error: Task not implemented
    at multiply (src\index.js:25:11)
    at Context.<anonymous> (test\index.js:21:28)
    at process.processImmediate (node:internal/timers:476:21)]]></failure>
    </testcase>
    <testcase name="multiply should return 54 for given input 3,2,9" time="0.0000" classname="should return 54 for given input 3,2,9">
      <failure message="Task not implemented" type="Error"><![CDATA[Error: Task not implemented
    at multiply (src\index.js:25:11)
    at Context.<anonymous> (test\index.js:25:28)
    at process.processImmediate (node:internal/timers:476:21)]]></failure>
    </testcase>
    <testcase name="multiply should return 48 for given input 16,22,2" time="0.0000" classname="should return 48 for given input 16,22,2">
      <failure message="Task not implemented" type="Error"><![CDATA[Error: Task not implemented
    at multiply (src\index.js:25:11)
    at Context.<anonymous> (test\index.js:29:28)
    at process.processImmediate (node:internal/timers:476:21)]]></failure>
    </testcase>
  </testsuite>
</testsuites>